------------------------------------------------------------
TimeQuest Timing Analyzer Summary
------------------------------------------------------------

Type  : Slow Model Setup 'Clock'
Slack : -11.957
TNS   : -1392.935

Type  : Slow Model Setup 'Tstep_Q.T1'
Slack : -3.693
TNS   : -13.203

Type  : Slow Model Setup 'regn:reg_IR|dado[10]'
Slack : -1.910
TNS   : -9.911

Type  : Slow Model Setup 'Tstep_Q.T4'
Slack : -1.789
TNS   : -7.866

Type  : Slow Model Hold 'Tstep_Q.T4'
Slack : -3.281
TNS   : -12.261

Type  : Slow Model Hold 'regn:reg_IR|dado[10]'
Slack : -3.154
TNS   : -14.625

Type  : Slow Model Hold 'Clock'
Slack : -2.685
TNS   : -9.278

Type  : Slow Model Hold 'Tstep_Q.T1'
Slack : -1.377
TNS   : -4.645

Type  : Slow Model Recovery 'regn:reg_IR|dado[10]'
Slack : -2.789
TNS   : -16.412

Type  : Slow Model Removal 'regn:reg_IR|dado[10]'
Slack : 0.928
TNS   : 0.000

Type  : Slow Model Minimum Pulse Width 'Clock'
Slack : -2.000
TNS   : -387.610

Type  : Slow Model Minimum Pulse Width 'Tstep_Q.T1'
Slack : 0.500
TNS   : 0.000

Type  : Slow Model Minimum Pulse Width 'Tstep_Q.T4'
Slack : 0.500
TNS   : 0.000

Type  : Slow Model Minimum Pulse Width 'regn:reg_IR|dado[10]'
Slack : 0.500
TNS   : 0.000

Type  : Fast Model Setup 'Clock'
Slack : -5.365
TNS   : -623.523

Type  : Fast Model Setup 'Tstep_Q.T1'
Slack : -1.102
TNS   : -3.811

Type  : Fast Model Setup 'Tstep_Q.T4'
Slack : -0.456
TNS   : -0.931

Type  : Fast Model Setup 'regn:reg_IR|dado[10]'
Slack : -0.299
TNS   : -0.568

Type  : Fast Model Hold 'Tstep_Q.T4'
Slack : -1.777
TNS   : -6.709

Type  : Fast Model Hold 'regn:reg_IR|dado[10]'
Slack : -1.707
TNS   : -8.411

Type  : Fast Model Hold 'Clock'
Slack : -1.478
TNS   : -13.011

Type  : Fast Model Hold 'Tstep_Q.T1'
Slack : -0.943
TNS   : -3.373

Type  : Fast Model Recovery 'regn:reg_IR|dado[10]'
Slack : -0.713
TNS   : -3.429

Type  : Fast Model Removal 'regn:reg_IR|dado[10]'
Slack : 0.443
TNS   : 0.000

Type  : Fast Model Minimum Pulse Width 'Clock'
Slack : -2.000
TNS   : -387.610

Type  : Fast Model Minimum Pulse Width 'Tstep_Q.T1'
Slack : 0.500
TNS   : 0.000

Type  : Fast Model Minimum Pulse Width 'Tstep_Q.T4'
Slack : 0.500
TNS   : 0.000

Type  : Fast Model Minimum Pulse Width 'regn:reg_IR|dado[10]'
Slack : 0.500
TNS   : 0.000

------------------------------------------------------------
